Traceback (most recent call last):
  File "/sec/securify/grammar/attributes/evaluators/evaluator_demand_iterative.py", line 53, in evaluate
    result = super()._execute_rule(rule, arguments)
  File "/sec/securify/grammar/attributes/evaluators/evaluator_base.py", line 42, in _execute_rule
    return rule.func(**{name: node for name, node in arguments.items()})
  File "/sec/securify/solidity/v_0_5_x/solidity_grammar_core.py", line 1845, in is_local_variable_altered
    return self.operator in {'++', '--'} and self.is_local_variable(self.sub_expression)
  File "/sec/securify/solidity/v_0_5_x/solidity_grammar_core.py", line 90, in is_local_variable
    decl = self.resolve_reference(identifier.referenced_declaration)
  File "/sec/securify/solidity/v_0_5_x/solidity_grammar_core.py", line 46, in resolve_reference
    return self.root().ast_nodes_by_id().get(node_id, None)
  File "/sec/securify/solidity/v_0_5_x/solidity_grammar_core.py", line 161, in ast_nodes_by_id
    return {d.id: d for d in self.descendants() if d is not None}
  File "/sec/securify/solidity/v_0_5_x/solidity_grammar_core.py", line 161, in <dictcomp>
    return {d.id: d for d in self.descendants() if d is not None}
  File "/sec/securify/grammar/__init__.py", line 313, in descendants
    yield from ProductionOps.descendants(child)
  File "/sec/securify/grammar/__init__.py", line 313, in descendants
    yield from ProductionOps.descendants(child)
  File "/sec/securify/grammar/__init__.py", line 313, in descendants
    yield from ProductionOps.descendants(child)
  [Previous line repeated 1 more time]
  File "/sec/securify/grammar/__init__.py", line 309, in descendants
    for child in ProductionOps.children(self):
  File "/sec/securify/grammar/__init__.py", line 300, in children
    child = getattr(self, name)
AttributeError: 'VariableDeclaration__AllAttrsMixin' object has no attribute 'value'

The above exception was the direct cause of the following exception:

Traceback (most recent call last):
  File "/GPUFS/sysu_zbzheng_1/sujzh3/mythril-develop/venv/bin/securify", line 33, in <module>
    sys.exit(load_entry_point('securify', 'console_scripts', 'securify')())
  File "/sec/securify/__main__.py", line 277, in main
    matches.extend(pattern.find_matches())
  File "/sec/securify/analyses/patterns/static/static_analysis_patterns.py", line 73, in find_matches
    static = analysis_context.static_analysis
  File "/sec/securify/analyses/analysis.py", line 88, in static_analysis
    self._static = self.config.static_analysis(self)
  File "/sec/securify/__main__.py", line 255, in <lambda>
    static_analysis=lambda t: static_analysis.analyze_cfg(t.cfg, **souffle_config),
  File "/sec/securify/analyses/analysis.py", line 81, in cfg
    self._cfg = self.config.cfg_compiler(self)
  File "/sec/securify/__main__.py", line 254, in <lambda>
    cfg_compiler=lambda t: solidity_cfg_compiler.compile_cfg(t.ast).cfg,
  File "/sec/securify/solidity/solidity_cfg_compiler.py", line 88, in compile_cfg
    cfg = ast_attr.cfg
  File "/sec/securify/grammar/attributes/evaluators/evaluator_demand_base.py", line 84, in __get__
    return self.__evaluator.evaluate(instance, self.__name)
  File "/sec/securify/grammar/attributes/evaluators/evaluator_demand_iterative.py", line 56, in evaluate
    raise AttributeGrammarError(f"Error during evaluation of rule '{rule.name}'. \n"
securify.grammar.attributes.AttributeGrammarError: Error during evaluation of rule 'is_local_variable_altered'. 
Rule trace: 
	SynthesizeRule cfg (File "/sec/securify/solidity/v_0_5_x/solidity_grammar_core.py", line 199)
	SynthesizeRule cfg (File "/sec/securify/solidity/v_0_5_x/solidity_grammar_core.py", line 272)
	PushdownRule next_cfgs_unlinked (ImplicitPushdown)
	PushdownRule next_cfgs_unlinked (ImplicitPushdown)
	PushdownRule next_cfgs_unlinked (ImplicitPushdown)
	PushdownRule push_cfgs (File "/sec/securify/solidity/v_0_5_x/solidity_grammar_core.py", line 163)
	SynthesizeRule contract_cfg_unlinked (File "/sec/securify/solidity/v_0_5_x/solidity_grammar_core.py", line 258)
	SynthesizeRule cfg (File "/sec/securify/solidity/v_0_5_x/solidity_grammar_core.py", line 529)
	SynthesizeRule cfg_modified (File "/sec/securify/solidity/v_0_5_x/solidity_grammar_core.py", line 516)
	SynthesizeRule cfg_body (File "/sec/securify/solidity/v_0_5_x/solidity_grammar_core.py", line 500)
	SynthesizeRule cfg (File "/sec/securify/solidity/v_0_5_x/solidity_grammar_core.py", line 869)
	SynthesizeRule cfg (File "/sec/securify/solidity/v_0_5_x/solidity_grammar_core.py", line 1321)
	SynthesizeRule arguments_join (File "/sec/securify/solidity/v_0_5_x/solidity_grammar_core.py", line 1309)
	SynthesizeRule changed_variables (File "/sec/securify/solidity/v_0_5_x/solidity_grammar_core.py", line 1280)
	SynthesizeRule changed_variables (File "/sec/securify/solidity/v_0_5_x/solidity_grammar_core.py", line 1529)
	SynthesizeRule changed_variables (File "/sec/securify/solidity/v_0_5_x/solidity_grammar_core.py", line 1855)
	SynthesizeRule is_local_variable_altered (File "/sec/securify/solidity/v_0_5_x/solidity_grammar_core.py", line 1843)
